ds4: Metal device Apple M4 Max, 128.00 GiB RAM
ds4: Metal 4 tensor API disabled for pre-M5/pre-A19 devices
ds4: drift-patch flags hc_stable=on norm_unify=on kv_raw_f32=off rope_exp2_log2=off math_safe=off tensor_matmul=off
ds4: Metal SSD streaming mode enabled; full model residency and warmup are skipped
ds4: GLM SSD streaming full resident layers: 1 (3.80 GiB, auto)
ds4: metal SSD streaming cache target 60.00 GiB; effective 60.00 GiB = 7.59 GiB prefill headroom + 3.80 GiB full layers + 48.61 GiB dynamic cache (3687 experts, 13.50 MiB each)
ds4: GLM SSD streaming decode map: global 18.29 GiB (14.20 GiB beyond the active layer window)
ds4: SSD streaming initial metal model map restricted to token embedding (1 spans, 1.18 GiB tensor span)
ds4: metal backend initialized for graph diagnostics
ds4: memory: KV 4.38 GiB (raw 0.00 + compressed 4.38) + buffers 3.16 GiB + resident model 18.29 GiB + expert cache 48.61 GiB + prefill expert reserve 7.59 GiB = 82.04 GiB planned
ds4: memory detail: ctx=393216 prefill_cap=2048 raw_kv_rows=0 compressed_kv_rows=393216 backend=metal
0902 20:39:37 ds4-server: context buffers 7728.53 MiB (ctx=393216, backend=metal, prefill_chunk=2048, raw_kv_rows=0, compressed_kv_rows=393216)
ds4: GLM SSD streaming decode map: global 18.29 GiB (4.02 GiB beyond the active layer window)
ds4: GLM session ctx=393216 (model max=1048576); full-attention prefill/work cap=4096; compact indexed decode is used beyond the cap
ds4: GLM graph using compact DSA KV only; expanded full-attention KV cache is skipped
ds4: GLM graph allocating compact DSA cache: rows=393216 logical_ctx=393216 kv_layers=45 indexer_layers=11 f16 4.38 GiB
ds4: GLM compact indexed prefill chunk=2048 score_rows=682 score_scratch=255.75 MiB
0902 20:39:37 ds4-server: KV disk cache /Users/michaelkuebbeler/.ds4/glm53-server-kv (budget=32768 MiB, cross-quant=accept, min=512, cold_max=30000, continued=10000, trim=32, align=2048, hit_half_life=21600s)
0902 20:39:37 ds4-server: listening on http://0.0.0.0:8008
0902 20:39:44 ds4-server: chat ctx=0..1825:1825 prompt start
0902 20:40:24 ds4-server: chat ctx=0..1825:1825 prefill chunk 1825/1825 (100.0%) chunk=0.00 t/s avg=45.08 t/s 40.485s
0902 20:40:24 ds4-server: chat ctx=0..1825:1825 prompt done 40.486s
0902 20:40:24 ds4-server: kv cache stored tokens=1825 trimmed=0 reason=cold key=token-text size=187.87 MiB save=28.8 ms
0902 20:40:48 ds4-server: chat ctx=1825..1875:50 gen=50 decoding chunk=2.15 t/s avg=2.15 t/s 23.247s
0902 20:40:59 ds4-server: chat ctx=1875..1925:50 gen=100 decoding chunk=4.39 t/s avg=2.89 t/s 34.627s
0902 20:41:09 ds4-server: chat ctx=1925..1975:50 gen=150 decoding chunk=5.06 t/s avg=3.37 t/s 44.508s
0902 20:41:21 ds4-server: chat ctx=1975..2025:50 gen=200 decoding chunk=4.21 t/s avg=3.55 t/s 56.383s
0902 20:41:23 ds4-server: chat ctx=2025..2031:6 gen=206 decoding chunk=2.62 t/s avg=3.51 t/s 58.670s
0902 20:41:23 ds4-server: thinking live checkpoint remembered ctx=0..1825:1825 live=2032 visible=8392
0902 20:41:23 ds4-server: chat ctx=0..1825:1825 gen=206 finish=stop 99.250s
0902 20:41:40 ds4-server: shutdown requested, draining requests
0902 20:41:40 ds4-server: persisting resident KV cache before shutdown slot=0 tokens=2032
0902 20:41:40 ds4-server: kv cache stored tokens=2032 trimmed=0 reason=shutdown key=thinking-visible size=192.60 MiB save=30.1 ms
