ds4: Metal device Apple M4 Max, 128.00 GiB RAM
ds4: Metal 4 tensor API disabled for pre-M5/pre-A19 devices
ds4: drift-patch flags hc_stable=on norm_unify=on kv_raw_f32=off rope_exp2_log2=off math_safe=off tensor_matmul=off
ds4: Metal SSD streaming mode enabled; full model residency and warmup are skipped
ds4: SSD streaming auto cache budget
ds4:   metal recommends 115.23 GiB working set
ds4:   using 80% total for model + cached experts: 92.19 GiB
ds4:   non-routed weights: 8.20 GiB
ds4:   routed expert size: 12.75 MiB
ds4:   expert budget before prefill reserve: 6745 (83.98 GiB)
ds4: metal SSD streaming total expert budget 83.98 GiB = 6.38 GiB prefill headroom + 77.61 GiB dynamic cache (6233 experts, 12.75 MiB each)
ds4: SSD streaming initial metal model map restricted to token embedding (1 spans, 0.99 GiB tensor span)
ds4: metal backend initialized for graph diagnostics
ds4: memory: KV 0.37 GiB (raw 0.34 + compressed 0.03) + buffers 0.03 GiB + resident model 0.99 GiB + expert cache 77.61 GiB + prefill expert reserve 6.38 GiB = 85.37 GiB planned
ds4: memory detail: ctx=4096 prefill_cap=4096 raw_kv_rows=4096 compressed_kv_rows=1026 backend=metal
ds4: memory: KV 0.37 GiB (raw 0.34 + compressed 0.03) + buffers 0.03 GiB = 0.40 GiB context
ds4: memory detail: ctx=4096 prefill_cap=4096 raw_kv_rows=4096 compressed_kv_rows=1026 backend=metal
ds4: using GPU graph generation with graph prefill
ds4: gpu streaming prefill token 1/21ds4: gpu streaming prefill token 2/21ds4: gpu streaming prefill token 3/21ds4: gpu streaming prefill token 4/21ds4: gpu streaming prefill token 5/21ds4: gpu streaming prefill token 6/21ds4: gpu streaming prefill token 7/21ds4: gpu streaming prefill token 8/21ds4: gpu streaming prefill token 9/21ds4: gpu streaming prefill token 10/21ds4: gpu streaming prefill token 11/21ds4: gpu streaming prefill token 12/21ds4: gpu streaming prefill token 13/21ds4: gpu streaming prefill token 14/21ds4: gpu streaming prefill token 15/21ds4: gpu streaming prefill token 16/21ds4: gpu streaming prefill token 17/21ds4: gpu streaming prefill token 18/21ds4: gpu streaming prefill token 19/21ds4: gpu streaming prefill token 20/21ds4: gpu streaming prefill token 21/21
OK
ds4: prefill: 2.99 t/s, generation: 7.56 t/s
